[2026-04-01 08:26:01] [INFO] 启动定时健康检查服务
[2026-04-01 08:26:01] [INFO] 检查间隔：300秒
[2026-04-01 08:26:01] [INFO] ========================================
[2026-04-01 08:26:01] [INFO] 定时健康检查
[2026-04-01 08:26:01] [INFO] ========================================
[2026-04-01 08:26:01] [INFO] ✅ Gateway 运行正常 (PID: 15)
[2026-04-01 08:26:01] [INFO] ✅ 磁盘使用率：23%
[2026-04-01 08:26:01] [INFO] ✅ 可用内存：4976MB
[2026-04-01 08:26:01] [INFO] ✅ 健康检查完成
[2026-04-01 08:31:01] [INFO] ========================================
[2026-04-01 08:31:01] [INFO] 定时健康检查
[2026-04-01 08:31:01] [INFO] ========================================
[2026-04-01 08:31:01] [INFO] ✅ Gateway 运行正常 (PID: 15)
[2026-04-01 08:31:01] [INFO] ✅ 磁盘使用率：23%
[2026-04-01 08:31:01] [INFO] ✅ 可用内存：5419MB
[2026-04-01 08:31:01] [INFO] ✅ 健康检查完成
[2026-04-01 08:36:01] [INFO] ========================================
[2026-04-01 08:36:01] [INFO] 定时健康检查
[2026-04-01 08:36:01] [INFO] ========================================
[2026-04-01 08:36:01] [INFO] ✅ Gateway 运行正常 (PID: 15)
[2026-04-01 08:36:01] [INFO] ✅ 磁盘使用率：23%
[2026-04-01 08:36:01] [INFO] ✅ 可用内存：5423MB
[2026-04-01 08:36:01] [INFO] ✅ 健康检查完成
[2026-04-01 08:41:01] [INFO] ========================================
[2026-04-01 08:41:01] [INFO] 定时健康检查
[2026-04-01 08:41:01] [INFO] ========================================
[2026-04-01 08:41:01] [INFO] ✅ Gateway 运行正常 (PID: 15)
[2026-04-01 08:41:01] [INFO] ✅ 磁盘使用率：23%
[2026-04-01 08:41:01] [INFO] ✅ 可用内存：5413MB
[2026-04-01 08:41:01] [INFO] ✅ 健康检查完成
[2026-04-01 08:46:01] [INFO] ========================================
[2026-04-01 08:46:01] [INFO] 定时健康检查
[2026-04-01 08:46:01] [INFO] ========================================
[2026-04-01 08:46:01] [INFO] ✅ Gateway 运行正常 (PID: 15)
[2026-04-01 08:46:01] [INFO] ✅ 磁盘使用率：23%
[2026-04-01 08:46:01] [INFO] ✅ 可用内存：5396MB
[2026-04-01 08:46:01] [INFO] ✅ 健康检查完成
[2026-04-01 08:51:01] [INFO] ========================================
[2026-04-01 08:51:01] [INFO] 定时健康检查
[2026-04-01 08:51:01] [INFO] ========================================
[2026-04-01 08:51:01] [INFO] ✅ Gateway 运行正常 (PID: 15)
[2026-04-01 08:51:01] [INFO] ✅ 磁盘使用率：23%
[2026-04-01 08:51:01] [INFO] ✅ 可用内存：5399MB
[2026-04-01 08:51:01] [INFO] ✅ 健康检查完成
[2026-04-01 08:56:02] [INFO] ========================================
[2026-04-01 08:56:02] [INFO] 定时健康检查
[2026-04-01 08:56:02] [INFO] ========================================
[2026-04-01 08:56:02] [INFO] ✅ Gateway 运行正常 (PID: 15)
[2026-04-01 08:56:02] [INFO] ✅ 磁盘使用率：23%
[2026-04-01 08:56:02] [INFO] ✅ 可用内存：5377MB
[2026-04-01 08:56:02] [INFO] ✅ 健康检查完成
[2026-04-01 09:01:02] [INFO] ========================================
[2026-04-01 09:01:02] [INFO] 定时健康检查
[2026-04-01 09:01:02] [INFO] ========================================
[2026-04-01 09:01:02] [INFO] ✅ Gateway 运行正常 (PID: 15)
[2026-04-01 09:01:02] [INFO] ✅ 磁盘使用率：23%
[2026-04-01 09:01:02] [INFO] ✅ 可用内存：5353MB
[2026-04-01 09:01:02] [INFO] ✅ 健康检查完成
[2026-04-01 09:06:02] [INFO] ========================================
[2026-04-01 09:06:02] [INFO] 定时健康检查
[2026-04-01 09:06:02] [INFO] ========================================
[2026-04-01 09:06:02] [INFO] ✅ Gateway 运行正常 (PID: 15)
[2026-04-01 09:06:02] [INFO] ✅ 磁盘使用率：23%
[2026-04-01 09:06:02] [INFO] ✅ 可用内存：5353MB
[2026-04-01 09:06:02] [INFO] ✅ 健康检查完成
[2026-04-01 09:11:02] [INFO] ========================================
[2026-04-01 09:11:02] [INFO] 定时健康检查
[2026-04-01 09:11:02] [INFO] ========================================
[2026-04-01 09:11:02] [INFO] ✅ Gateway 运行正常 (PID: 15)
[2026-04-01 09:11:02] [INFO] ✅ 磁盘使用率：23%
[2026-04-01 09:11:02] [INFO] ✅ 可用内存：5340MB
[2026-04-01 09:11:02] [INFO] ✅ 健康检查完成
[2026-04-01 09:16:02] [INFO] ========================================
[2026-04-01 09:16:02] [INFO] 定时健康检查
[2026-04-01 09:16:02] [INFO] ========================================
[2026-04-01 09:16:02] [INFO] ✅ Gateway 运行正常 (PID: 15)
[2026-04-01 09:16:02] [INFO] ✅ 磁盘使用率：23%
[2026-04-01 09:16:02] [INFO] ✅ 可用内存：5348MB
[2026-04-01 09:16:02] [INFO] ✅ 健康检查完成
[2026-04-01 09:21:02] [INFO] ========================================
[2026-04-01 09:21:02] [INFO] 定时健康检查
[2026-04-01 09:21:02] [INFO] ========================================
[2026-04-01 09:21:02] [INFO] ✅ Gateway 运行正常 (PID: 15)
[2026-04-01 09:21:02] [INFO] ✅ 磁盘使用率：23%
[2026-04-01 09:21:02] [INFO] ✅ 可用内存：5309MB
[2026-04-01 09:21:02] [INFO] ✅ 健康检查完成
[2026-04-01 09:26:02] [INFO] ========================================
[2026-04-01 09:26:02] [INFO] 定时健康检查
[2026-04-01 09:26:02] [INFO] ========================================
[2026-04-01 09:26:02] [INFO] ✅ Gateway 运行正常 (PID: 15)
[2026-04-01 09:26:02] [INFO] ✅ 磁盘使用率：23%
[2026-04-01 09:26:02] [INFO] ✅ 可用内存：5312MB
[2026-04-01 09:26:02] [INFO] ✅ 健康检查完成
[2026-04-01 09:31:02] [INFO] ========================================
[2026-04-01 09:31:02] [INFO] 定时健康检查
[2026-04-01 09:31:02] [INFO] ========================================
[2026-04-01 09:31:02] [INFO] ✅ Gateway 运行正常 (PID: 15)
[2026-04-01 09:31:02] [INFO] ✅ 磁盘使用率：23%
[2026-04-01 09:31:02] [INFO] ✅ 可用内存：5286MB
[2026-04-01 09:31:02] [INFO] ✅ 健康检查完成
[2026-04-01 09:36:02] [INFO] ========================================
[2026-04-01 09:36:02] [INFO] 定时健康检查
[2026-04-01 09:36:02] [INFO] ========================================
[2026-04-01 09:36:02] [INFO] ✅ Gateway 运行正常 (PID: 15)
[2026-04-01 09:36:02] [INFO] ✅ 磁盘使用率：23%
[2026-04-01 09:36:02] [INFO] ✅ 可用内存：5308MB
[2026-04-01 09:36:02] [INFO] ✅ 健康检查完成
[2026-04-01 09:41:02] [INFO] ========================================
[2026-04-01 09:41:02] [INFO] 定时健康检查
[2026-04-01 09:41:02] [INFO] ========================================
[2026-04-01 09:41:02] [INFO] ✅ Gateway 运行正常 (PID: 15)
[2026-04-01 09:41:02] [INFO] ✅ 磁盘使用率：23%
[2026-04-01 09:41:02] [INFO] ✅ 可用内存：5382MB
[2026-04-01 09:41:02] [INFO] ✅ 健康检查完成
[2026-04-01 09:46:02] [INFO] ========================================
[2026-04-01 09:46:02] [INFO] 定时健康检查
[2026-04-01 09:46:02] [INFO] ========================================
[2026-04-01 09:46:02] [INFO] ✅ Gateway 运行正常 (PID: 15)
[2026-04-01 09:46:02] [INFO] ✅ 磁盘使用率：23%
[2026-04-01 09:46:02] [INFO] ✅ 可用内存：5306MB
[2026-04-01 09:46:02] [INFO] ✅ 健康检查完成
[2026-04-01 09:51:02] [INFO] ========================================
[2026-04-01 09:51:02] [INFO] 定时健康检查
[2026-04-01 09:51:02] [INFO] ========================================
[2026-04-01 09:51:02] [INFO] ✅ Gateway 运行正常 (PID: 15)
[2026-04-01 09:51:02] [INFO] ✅ 磁盘使用率：23%
[2026-04-01 09:51:02] [INFO] ✅ 可用内存：5304MB
[2026-04-01 09:51:02] [INFO] ✅ 健康检查完成
[2026-04-01 09:56:03] [INFO] ========================================
[2026-04-01 09:56:03] [INFO] 定时健康检查
[2026-04-01 09:56:03] [INFO] ========================================
[2026-04-01 09:56:03] [INFO] ✅ Gateway 运行正常 (PID: 15)
[2026-04-01 09:56:03] [INFO] ✅ 磁盘使用率：23%
[2026-04-01 09:56:03] [INFO] ✅ 可用内存：5303MB
[2026-04-01 09:56:03] [INFO] ✅ 健康检查完成
[2026-04-01 10:01:03] [INFO] ========================================
[2026-04-01 10:01:03] [INFO] 定时健康检查
[2026-04-01 10:01:03] [INFO] ========================================
[2026-04-01 10:01:03] [INFO] ✅ Gateway 运行正常 (PID: 15)
[2026-04-01 10:01:03] [INFO] ✅ 磁盘使用率：23%
[2026-04-01 10:01:03] [INFO] ✅ 可用内存：5310MB
[2026-04-01 10:01:03] [INFO] ✅ 健康检查完成
[2026-04-01 10:06:03] [INFO] ========================================
[2026-04-01 10:06:03] [INFO] 定时健康检查
[2026-04-01 10:06:03] [INFO] ========================================
[2026-04-01 10:06:03] [INFO] ✅ Gateway 运行正常 (PID: 15)
[2026-04-01 10:06:03] [INFO] ✅ 磁盘使用率：23%
[2026-04-01 10:06:03] [INFO] ✅ 可用内存：5311MB
[2026-04-01 10:06:03] [INFO] ✅ 健康检查完成
[2026-04-01 10:11:03] [INFO] ========================================
[2026-04-01 10:11:03] [INFO] 定时健康检查
[2026-04-01 10:11:03] [INFO] ========================================
[2026-04-01 10:11:03] [INFO] ✅ Gateway 运行正常 (PID: 15)
[2026-04-01 10:11:03] [INFO] ✅ 磁盘使用率：23%
[2026-04-01 10:11:03] [INFO] ✅ 可用内存：5302MB
[2026-04-01 10:11:03] [INFO] ✅ 健康检查完成
[2026-04-01 10:16:03] [INFO] ========================================
[2026-04-01 10:16:03] [INFO] 定时健康检查
[2026-04-01 10:16:03] [INFO] ========================================
[2026-04-01 10:16:03] [INFO] ✅ Gateway 运行正常 (PID: 15)
[2026-04-01 10:16:03] [INFO] ✅ 磁盘使用率：23%
[2026-04-01 10:16:03] [INFO] ✅ 可用内存：5296MB
[2026-04-01 10:16:03] [INFO] ✅ 健康检查完成
[2026-04-01 10:21:03] [INFO] ========================================
[2026-04-01 10:21:03] [INFO] 定时健康检查
[2026-04-01 10:21:03] [INFO] ========================================
[2026-04-01 10:21:03] [INFO] ✅ Gateway 运行正常 (PID: 15)
[2026-04-01 10:21:03] [INFO] ✅ 磁盘使用率：23%
[2026-04-01 10:21:03] [INFO] ✅ 可用内存：5392MB
[2026-04-01 10:21:03] [INFO] ✅ 健康检查完成
[2026-04-01 10:26:03] [INFO] ========================================
[2026-04-01 10:26:03] [INFO] 定时健康检查
[2026-04-01 10:26:03] [INFO] ========================================
[2026-04-01 10:26:03] [INFO] ✅ Gateway 运行正常 (PID: 15)
[2026-04-01 10:26:03] [INFO] ✅ 磁盘使用率：23%
[2026-04-01 10:26:03] [INFO] ✅ 可用内存：5378MB
[2026-04-01 10:26:03] [INFO] ✅ 健康检查完成
[2026-04-01 10:31:03] [INFO] ========================================
[2026-04-01 10:31:03] [INFO] 定时健康检查
[2026-04-01 10:31:03] [INFO] ========================================
[2026-04-01 10:31:03] [INFO] ✅ Gateway 运行正常 (PID: 15)
[2026-04-01 10:31:03] [INFO] ✅ 磁盘使用率：23%
[2026-04-01 10:31:03] [INFO] ✅ 可用内存：5372MB
[2026-04-01 10:31:03] [INFO] ✅ 健康检查完成
[2026-04-01 10:36:03] [INFO] ========================================
[2026-04-01 10:36:03] [INFO] 定时健康检查
[2026-04-01 10:36:03] [INFO] ========================================
[2026-04-01 10:36:03] [INFO] ✅ Gateway 运行正常 (PID: 15)
[2026-04-01 10:36:03] [INFO] ✅ 磁盘使用率：23%
[2026-04-01 10:36:03] [INFO] ✅ 可用内存：5374MB
[2026-04-01 10:36:03] [INFO] ✅ 健康检查完成
[2026-04-01 10:41:03] [INFO] ========================================
[2026-04-01 10:41:03] [INFO] 定时健康检查
[2026-04-01 10:41:03] [INFO] ========================================
[2026-04-01 10:41:03] [INFO] ✅ Gateway 运行正常 (PID: 15)
[2026-04-01 10:41:03] [INFO] ✅ 磁盘使用率：23%
[2026-04-01 10:41:03] [INFO] ✅ 可用内存：5305MB
[2026-04-01 10:41:03] [INFO] ✅ 健康检查完成
[2026-04-01 10:46:03] [INFO] ========================================
[2026-04-01 10:46:03] [INFO] 定时健康检查
[2026-04-01 10:46:03] [INFO] ========================================
[2026-04-01 10:46:03] [INFO] ✅ Gateway 运行正常 (PID: 15)
[2026-04-01 10:46:03] [INFO] ✅ 磁盘使用率：23%
[2026-04-01 10:46:03] [INFO] ✅ 可用内存：5284MB
[2026-04-01 10:46:03] [INFO] ✅ 健康检查完成
[2026-04-01 10:51:03] [INFO] ========================================
[2026-04-01 10:51:03] [INFO] 定时健康检查
[2026-04-01 10:51:03] [INFO] ========================================
[2026-04-01 10:51:03] [INFO] ✅ Gateway 运行正常 (PID: 15)
[2026-04-01 10:51:03] [INFO] ✅ 磁盘使用率：23%
[2026-04-01 10:51:03] [INFO] ✅ 可用内存：5292MB
[2026-04-01 10:51:03] [INFO] ✅ 健康检查完成
[2026-04-01 10:56:03] [INFO] ========================================
[2026-04-01 10:56:03] [INFO] 定时健康检查
[2026-04-01 10:56:03] [INFO] ========================================
[2026-04-01 10:56:03] [INFO] ✅ Gateway 运行正常 (PID: 15)
[2026-04-01 10:56:03] [INFO] ✅ 磁盘使用率：23%
[2026-04-01 10:56:03] [INFO] ✅ 可用内存：5271MB
[2026-04-01 10:56:03] [INFO] ✅ 健康检查完成
[2026-04-01 11:01:03] [INFO] ========================================
[2026-04-01 11:01:03] [INFO] 定时健康检查
[2026-04-01 11:01:03] [INFO] ========================================
[2026-04-01 11:01:03] [INFO] ✅ Gateway 运行正常 (PID: 15)
[2026-04-01 11:01:03] [INFO] ✅ 磁盘使用率：23%
[2026-04-01 11:01:03] [INFO] ✅ 可用内存：5270MB
[2026-04-01 11:01:03] [INFO] ✅ 健康检查完成
[2026-04-01 11:06:03] [INFO] ========================================
[2026-04-01 11:06:03] [INFO] 定时健康检查
[2026-04-01 11:06:03] [INFO] ========================================
[2026-04-01 11:06:03] [INFO] ✅ Gateway 运行正常 (PID: 15)
[2026-04-01 11:06:03] [INFO] ✅ 磁盘使用率：23%
[2026-04-01 11:06:03] [INFO] ✅ 可用内存：6068MB
[2026-04-01 11:06:03] [INFO] ✅ 健康检查完成
[2026-04-01 11:11:04] [INFO] ========================================
[2026-04-01 11:11:04] [INFO] 定时健康检查
[2026-04-01 11:11:04] [INFO] ========================================
[2026-04-01 11:11:04] [INFO] ✅ Gateway 运行正常 (PID: 15)
[2026-04-01 11:11:04] [INFO] ✅ 磁盘使用率：23%
[2026-04-01 11:11:04] [INFO] ✅ 可用内存：6221MB
[2026-04-01 11:11:04] [INFO] ✅ 健康检查完成
[2026-04-01 11:16:04] [INFO] ========================================
[2026-04-01 11:16:04] [INFO] 定时健康检查
[2026-04-01 11:16:04] [INFO] ========================================
[2026-04-01 11:16:04] [INFO] ✅ Gateway 运行正常 (PID: 15)
[2026-04-01 11:16:04] [INFO] ✅ 磁盘使用率：23%
[2026-04-01 11:16:04] [INFO] ✅ 可用内存：6156MB
[2026-04-01 11:16:04] [INFO] ✅ 健康检查完成
[2026-04-01 11:21:04] [INFO] ========================================
[2026-04-01 11:21:04] [INFO] 定时健康检查
[2026-04-01 11:21:04] [INFO] ========================================
[2026-04-01 11:21:04] [INFO] ✅ Gateway 运行正常 (PID: 15)
[2026-04-01 11:21:04] [INFO] ✅ 磁盘使用率：23%
[2026-04-01 11:21:04] [INFO] ✅ 可用内存：6174MB
[2026-04-01 11:21:04] [INFO] ✅ 健康检查完成
[2026-04-01 11:26:04] [INFO] ========================================
[2026-04-01 11:26:04] [INFO] 定时健康检查
[2026-04-01 11:26:04] [INFO] ========================================
[2026-04-01 11:26:04] [INFO] ✅ Gateway 运行正常 (PID: 15)
[2026-04-01 11:26:04] [INFO] ✅ 磁盘使用率：23%
[2026-04-01 11:26:04] [INFO] ✅ 可用内存：5936MB
[2026-04-01 11:26:04] [INFO] ✅ 健康检查完成
[2026-04-01 11:31:04] [INFO] ========================================
[2026-04-01 11:31:04] [INFO] 定时健康检查
[2026-04-01 11:31:04] [INFO] ========================================
[2026-04-01 11:31:04] [INFO] ✅ Gateway 运行正常 (PID: 15)
[2026-04-01 11:31:04] [INFO] ✅ 磁盘使用率：23%
[2026-04-01 11:31:04] [INFO] ✅ 可用内存：5351MB
[2026-04-01 11:31:04] [INFO] ✅ 健康检查完成
[2026-04-01 11:36:04] [INFO] ========================================
[2026-04-01 11:36:04] [INFO] 定时健康检查
[2026-04-01 11:36:04] [INFO] ========================================
[2026-04-01 11:36:04] [INFO] ✅ Gateway 运行正常 (PID: 15)
[2026-04-01 11:36:04] [INFO] ✅ 磁盘使用率：23%
[2026-04-01 11:36:04] [INFO] ✅ 可用内存：4856MB
[2026-04-01 11:36:04] [INFO] ✅ 健康检查完成
[2026-04-01 11:41:04] [INFO] ========================================
[2026-04-01 11:41:04] [INFO] 定时健康检查
[2026-04-01 11:41:04] [INFO] ========================================
[2026-04-01 11:41:04] [INFO] ✅ Gateway 运行正常 (PID: 15)
[2026-04-01 11:41:04] [INFO] ✅ 磁盘使用率：23%
[2026-04-01 11:41:04] [INFO] ✅ 可用内存：4877MB
[2026-04-01 11:41:04] [INFO] ✅ 健康检查完成
[2026-04-01 11:46:04] [INFO] ========================================
[2026-04-01 11:46:04] [INFO] 定时健康检查
[2026-04-01 11:46:04] [INFO] ========================================
[2026-04-01 11:46:04] [INFO] ✅ Gateway 运行正常 (PID: 15)
[2026-04-01 11:46:04] [INFO] ✅ 磁盘使用率：23%
[2026-04-01 11:46:04] [INFO] ✅ 可用内存：4876MB
[2026-04-01 11:46:04] [INFO] ✅ 健康检查完成
[2026-04-01 11:51:04] [INFO] ========================================
[2026-04-01 11:51:04] [INFO] 定时健康检查
[2026-04-01 11:51:04] [INFO] ========================================
[2026-04-01 11:51:04] [INFO] ✅ Gateway 运行正常 (PID: 15)
[2026-04-01 11:51:04] [INFO] ✅ 磁盘使用率：23%
[2026-04-01 11:51:04] [INFO] ✅ 可用内存：4872MB
[2026-04-01 11:51:04] [INFO] ✅ 健康检查完成
[2026-04-01 11:56:04] [INFO] ========================================
[2026-04-01 11:56:04] [INFO] 定时健康检查
[2026-04-01 11:56:04] [INFO] ========================================
[2026-04-01 11:56:04] [INFO] ✅ Gateway 运行正常 (PID: 15)
[2026-04-01 11:56:04] [INFO] ✅ 磁盘使用率：23%
[2026-04-01 11:56:04] [INFO] ✅ 可用内存：4884MB
[2026-04-01 11:56:04] [INFO] ✅ 健康检查完成
[2026-04-01 12:01:04] [INFO] ========================================
[2026-04-01 12:01:04] [INFO] 定时健康检查
[2026-04-01 12:01:04] [INFO] ========================================
[2026-04-01 12:01:04] [INFO] ✅ Gateway 运行正常 (PID: 15)
[2026-04-01 12:01:04] [INFO] ✅ 磁盘使用率：23%
[2026-04-01 12:01:04] [INFO] ✅ 可用内存：4887MB
[2026-04-01 12:01:04] [INFO] ✅ 健康检查完成
[2026-04-01 12:06:04] [INFO] ========================================
[2026-04-01 12:06:04] [INFO] 定时健康检查
[2026-04-01 12:06:04] [INFO] ========================================
[2026-04-01 12:06:04] [INFO] ✅ Gateway 运行正常 (PID: 15)
[2026-04-01 12:06:04] [INFO] ✅ 磁盘使用率：23%
[2026-04-01 12:06:04] [INFO] ✅ 可用内存：4888MB
[2026-04-01 12:06:04] [INFO] ✅ 健康检查完成
[2026-04-01 12:11:04] [INFO] ========================================
[2026-04-01 12:11:04] [INFO] 定时健康检查
[2026-04-01 12:11:04] [INFO] ========================================
[2026-04-01 12:11:05] [INFO] ✅ Gateway 运行正常 (PID: 15)
[2026-04-01 12:11:05] [INFO] ✅ 磁盘使用率：23%
[2026-04-01 12:11:05] [INFO] ✅ 可用内存：4882MB
[2026-04-01 12:11:05] [INFO] ✅ 健康检查完成
[2026-04-01 12:16:05] [INFO] ========================================
[2026-04-01 12:16:05] [INFO] 定时健康检查
[2026-04-01 12:16:05] [INFO] ========================================
[2026-04-01 12:16:05] [INFO] ✅ Gateway 运行正常 (PID: 15)
[2026-04-01 12:16:05] [INFO] ✅ 磁盘使用率：23%
[2026-04-01 12:16:05] [INFO] ✅ 可用内存：4963MB
[2026-04-01 12:16:05] [INFO] ✅ 健康检查完成
[2026-04-01 12:21:05] [INFO] ========================================
[2026-04-01 12:21:05] [INFO] 定时健康检查
[2026-04-01 12:21:05] [INFO] ========================================
[2026-04-01 12:21:05] [INFO] ✅ Gateway 运行正常 (PID: 15)
[2026-04-01 12:21:05] [INFO] ✅ 磁盘使用率：23%
[2026-04-01 12:21:05] [INFO] ✅ 可用内存：4959MB
[2026-04-01 12:21:05] [INFO] ✅ 健康检查完成
[2026-04-01 12:26:05] [INFO] ========================================
[2026-04-01 12:26:05] [INFO] 定时健康检查
[2026-04-01 12:26:05] [INFO] ========================================
[2026-04-01 12:26:05] [INFO] ✅ Gateway 运行正常 (PID: 15)
[2026-04-01 12:26:05] [INFO] ✅ 磁盘使用率：23%
[2026-04-01 12:26:05] [INFO] ✅ 可用内存：4937MB
[2026-04-01 12:26:05] [INFO] ✅ 健康检查完成
[2026-04-01 12:31:05] [INFO] ========================================
[2026-04-01 12:31:05] [INFO] 定时健康检查
[2026-04-01 12:31:05] [INFO] ========================================
[2026-04-01 12:31:05] [INFO] ✅ Gateway 运行正常 (PID: 15)
[2026-04-01 12:31:05] [INFO] ✅ 磁盘使用率：23%
[2026-04-01 12:31:05] [INFO] ✅ 可用内存：4878MB
[2026-04-01 12:31:05] [INFO] ✅ 健康检查完成
[2026-04-01 12:36:05] [INFO] ========================================
[2026-04-01 12:36:05] [INFO] 定时健康检查
[2026-04-01 12:36:05] [INFO] ========================================
[2026-04-01 12:36:05] [INFO] ✅ Gateway 运行正常 (PID: 15)
[2026-04-01 12:36:05] [INFO] ✅ 磁盘使用率：23%
[2026-04-01 12:36:05] [INFO] ✅ 可用内存：4878MB
[2026-04-01 12:36:05] [INFO] ✅ 健康检查完成
[2026-04-01 12:41:05] [INFO] ========================================
[2026-04-01 12:41:05] [INFO] 定时健康检查
[2026-04-01 12:41:05] [INFO] ========================================
[2026-04-01 12:41:05] [INFO] ✅ Gateway 运行正常 (PID: 15)
[2026-04-01 12:41:05] [INFO] ✅ 磁盘使用率：23%
[2026-04-01 12:41:05] [INFO] ✅ 可用内存：4879MB
[2026-04-01 12:41:05] [INFO] ✅ 健康检查完成
[2026-04-01 12:46:05] [INFO] ========================================
[2026-04-01 12:46:05] [INFO] 定时健康检查
[2026-04-01 12:46:05] [INFO] ========================================
[2026-04-01 12:46:05] [INFO] ✅ Gateway 运行正常 (PID: 15)
[2026-04-01 12:46:05] [INFO] ✅ 磁盘使用率：23%
[2026-04-01 12:46:05] [INFO] ✅ 可用内存：4876MB
[2026-04-01 12:46:05] [INFO] ✅ 健康检查完成
[2026-04-01 12:51:05] [INFO] ========================================
[2026-04-01 12:51:05] [INFO] 定时健康检查
[2026-04-01 12:51:05] [INFO] ========================================
[2026-04-01 12:51:05] [INFO] ✅ Gateway 运行正常 (PID: 15)
[2026-04-01 12:51:05] [INFO] ✅ 磁盘使用率：23%
[2026-04-01 12:51:05] [INFO] ✅ 可用内存：4782MB
[2026-04-01 12:51:05] [INFO] ✅ 健康检查完成
[2026-04-01 12:56:05] [INFO] ========================================
[2026-04-01 12:56:05] [INFO] 定时健康检查
[2026-04-01 12:56:05] [INFO] ========================================
[2026-04-01 12:56:05] [INFO] ✅ Gateway 运行正常 (PID: 15)
[2026-04-01 12:56:05] [INFO] ✅ 磁盘使用率：23%
[2026-04-01 12:56:05] [INFO] ✅ 可用内存：5932MB
[2026-04-01 12:56:05] [INFO] ✅ 健康检查完成
[2026-04-01 13:01:05] [INFO] ========================================
[2026-04-01 13:01:05] [INFO] 定时健康检查
[2026-04-01 13:01:05] [INFO] ========================================
[2026-04-01 13:01:05] [INFO] ✅ Gateway 运行正常 (PID: 15)
[2026-04-01 13:01:05] [INFO] ✅ 磁盘使用率：23%
[2026-04-01 13:01:05] [INFO] ✅ 可用内存：5925MB
[2026-04-01 13:01:05] [INFO] ✅ 健康检查完成
[2026-04-01 13:06:05] [INFO] ========================================
[2026-04-01 13:06:05] [INFO] 定时健康检查
[2026-04-01 13:06:05] [INFO] ========================================
[2026-04-01 13:06:05] [INFO] ✅ Gateway 运行正常 (PID: 15)
[2026-04-01 13:06:05] [INFO] ✅ 磁盘使用率：23%
[2026-04-01 13:06:05] [INFO] ✅ 可用内存：5923MB
[2026-04-01 13:06:05] [INFO] ✅ 健康检查完成
[2026-04-01 13:11:05] [INFO] ========================================
[2026-04-01 13:11:05] [INFO] 定时健康检查
[2026-04-01 13:11:05] [INFO] ========================================
[2026-04-01 13:11:05] [INFO] ✅ Gateway 运行正常 (PID: 15)
[2026-04-01 13:11:05] [INFO] ✅ 磁盘使用率：23%
[2026-04-01 13:11:05] [INFO] ✅ 可用内存：5909MB
[2026-04-01 13:11:05] [INFO] ✅ 健康检查完成
[2026-04-01 13:16:06] [INFO] ========================================
[2026-04-01 13:16:06] [INFO] 定时健康检查
[2026-04-01 13:16:06] [INFO] ========================================
[2026-04-01 13:16:06] [INFO] ✅ Gateway 运行正常 (PID: 15)
[2026-04-01 13:16:06] [INFO] ✅ 磁盘使用率：23%
[2026-04-01 13:16:06] [INFO] ✅ 可用内存：5930MB
[2026-04-01 13:16:06] [INFO] ✅ 健康检查完成
[2026-04-01 13:21:06] [INFO] ========================================
[2026-04-01 13:21:06] [INFO] 定时健康检查
[2026-04-01 13:21:06] [INFO] ========================================
[2026-04-01 13:21:06] [INFO] ✅ Gateway 运行正常 (PID: 15)
[2026-04-01 13:21:06] [INFO] ✅ 磁盘使用率：23%
[2026-04-01 13:21:06] [INFO] ✅ 可用内存：5929MB
[2026-04-01 13:21:06] [INFO] ✅ 健康检查完成
[2026-04-01 13:26:06] [INFO] ========================================
[2026-04-01 13:26:06] [INFO] 定时健康检查
[2026-04-01 13:26:06] [INFO] ========================================
[2026-04-01 13:26:06] [INFO] ✅ Gateway 运行正常 (PID: 15)
[2026-04-01 13:26:06] [INFO] ✅ 磁盘使用率：23%
[2026-04-01 13:26:06] [INFO] ✅ 可用内存：5942MB
[2026-04-01 13:26:06] [INFO] ✅ 健康检查完成
[2026-04-01 13:31:06] [INFO] ========================================
[2026-04-01 13:31:06] [INFO] 定时健康检查
[2026-04-01 13:31:06] [INFO] ========================================
[2026-04-01 13:31:06] [INFO] ✅ Gateway 运行正常 (PID: 15)
[2026-04-01 13:31:06] [INFO] ✅ 磁盘使用率：23%
[2026-04-01 13:31:06] [INFO] ✅ 可用内存：5937MB
[2026-04-01 13:31:06] [INFO] ✅ 健康检查完成
[2026-04-01 13:36:06] [INFO] ========================================
[2026-04-01 13:36:06] [INFO] 定时健康检查
[2026-04-01 13:36:06] [INFO] ========================================
[2026-04-01 13:36:06] [INFO] ✅ Gateway 运行正常 (PID: 15)
[2026-04-01 13:36:06] [INFO] ✅ 磁盘使用率：23%
[2026-04-01 13:36:06] [INFO] ✅ 可用内存：5924MB
[2026-04-01 13:36:06] [INFO] ✅ 健康检查完成
[2026-04-01 13:41:06] [INFO] ========================================
[2026-04-01 13:41:06] [INFO] 定时健康检查
[2026-04-01 13:41:06] [INFO] ========================================
[2026-04-01 13:41:06] [INFO] ✅ Gateway 运行正常 (PID: 15)
[2026-04-01 13:41:06] [INFO] ✅ 磁盘使用率：23%
[2026-04-01 13:41:06] [INFO] ✅ 可用内存：5899MB
[2026-04-01 13:41:06] [INFO] ✅ 健康检查完成
[2026-04-01 13:46:06] [INFO] ========================================
[2026-04-01 13:46:06] [INFO] 定时健康检查
[2026-04-01 13:46:06] [INFO] ========================================
[2026-04-01 13:46:06] [INFO] ✅ Gateway 运行正常 (PID: 15)
[2026-04-01 13:46:06] [INFO] ✅ 磁盘使用率：23%
[2026-04-01 13:46:06] [INFO] ✅ 可用内存：6050MB
[2026-04-01 13:46:06] [INFO] ✅ 健康检查完成
[2026-04-01 13:51:06] [INFO] ========================================
[2026-04-01 13:51:06] [INFO] 定时健康检查
[2026-04-01 13:51:06] [INFO] ========================================
[2026-04-01 13:51:06] [INFO] ✅ Gateway 运行正常 (PID: 15)
[2026-04-01 13:51:06] [INFO] ✅ 磁盘使用率：23%
[2026-04-01 13:51:06] [INFO] ✅ 可用内存：6052MB
[2026-04-01 13:51:06] [INFO] ✅ 健康检查完成
[2026-04-01 13:56:06] [INFO] ========================================
[2026-04-01 13:56:06] [INFO] 定时健康检查
[2026-04-01 13:56:06] [INFO] ========================================
[2026-04-01 13:56:06] [INFO] ✅ Gateway 运行正常 (PID: 15)
[2026-04-01 13:56:06] [INFO] ✅ 磁盘使用率：23%
[2026-04-01 13:56:06] [INFO] ✅ 可用内存：6027MB
[2026-04-01 13:56:06] [INFO] ✅ 健康检查完成
[2026-04-01 14:01:06] [INFO] ========================================
[2026-04-01 14:01:06] [INFO] 定时健康检查
[2026-04-01 14:01:06] [INFO] ========================================
[2026-04-01 14:01:06] [INFO] ✅ Gateway 运行正常 (PID: 15)
[2026-04-01 14:01:06] [INFO] ✅ 磁盘使用率：23%
[2026-04-01 14:01:06] [INFO] ✅ 可用内存：5892MB
[2026-04-01 14:01:06] [INFO] ✅ 健康检查完成
[2026-04-01 14:06:06] [INFO] ========================================
[2026-04-01 14:06:06] [INFO] 定时健康检查
[2026-04-01 14:06:06] [INFO] ========================================
[2026-04-01 14:06:06] [INFO] ✅ Gateway 运行正常 (PID: 15)
[2026-04-01 14:06:06] [INFO] ✅ 磁盘使用率：23%
[2026-04-01 14:06:06] [INFO] ✅ 可用内存：6029MB
[2026-04-01 14:06:06] [INFO] ✅ 健康检查完成
[2026-04-01 14:11:06] [INFO] ========================================
[2026-04-01 14:11:06] [INFO] 定时健康检查
[2026-04-01 14:11:06] [INFO] ========================================
[2026-04-01 14:11:06] [INFO] ✅ Gateway 运行正常 (PID: 15)
[2026-04-01 14:11:06] [INFO] ✅ 磁盘使用率：23%
[2026-04-01 14:11:06] [INFO] ✅ 可用内存：6027MB
[2026-04-01 14:11:06] [INFO] ✅ 健康检查完成
[2026-04-01 14:16:06] [INFO] ========================================
[2026-04-01 14:16:06] [INFO] 定时健康检查
[2026-04-01 14:16:06] [INFO] ========================================
[2026-04-01 14:16:06] [INFO] ✅ Gateway 运行正常 (PID: 15)
[2026-04-01 14:16:07] [INFO] ✅ 磁盘使用率：23%
[2026-04-01 14:16:07] [INFO] ✅ 可用内存：6014MB
[2026-04-01 14:16:07] [INFO] ✅ 健康检查完成
[2026-04-01 14:21:07] [INFO] ========================================
[2026-04-01 14:21:07] [INFO] 定时健康检查
[2026-04-01 14:21:07] [INFO] ========================================
[2026-04-01 14:21:07] [INFO] ✅ Gateway 运行正常 (PID: 15)
[2026-04-01 14:21:07] [INFO] ✅ 磁盘使用率：23%
[2026-04-01 14:21:07] [INFO] ✅ 可用内存：6034MB
[2026-04-01 14:21:07] [INFO] ✅ 健康检查完成
[2026-04-01 14:26:07] [INFO] ========================================
[2026-04-01 14:26:07] [INFO] 定时健康检查
[2026-04-01 14:26:07] [INFO] ========================================
[2026-04-01 14:26:07] [INFO] ✅ Gateway 运行正常 (PID: 15)
[2026-04-01 14:26:07] [INFO] ✅ 磁盘使用率：23%
[2026-04-01 14:26:07] [INFO] ✅ 可用内存：6026MB
[2026-04-01 14:26:07] [INFO] ✅ 健康检查完成
[2026-04-01 14:31:07] [INFO] ========================================
[2026-04-01 14:31:07] [INFO] 定时健康检查
[2026-04-01 14:31:07] [INFO] ========================================
[2026-04-01 14:31:07] [INFO] ✅ Gateway 运行正常 (PID: 15)
[2026-04-01 14:31:07] [INFO] ✅ 磁盘使用率：23%
[2026-04-01 14:31:07] [INFO] ✅ 可用内存：6013MB
[2026-04-01 14:31:07] [INFO] ✅ 健康检查完成
[2026-04-01 14:36:07] [INFO] ========================================
[2026-04-01 14:36:07] [INFO] 定时健康检查
[2026-04-01 14:36:07] [INFO] ========================================
[2026-04-01 14:36:07] [INFO] ✅ Gateway 运行正常 (PID: 15)
[2026-04-01 14:36:07] [INFO] ✅ 磁盘使用率：23%
[2026-04-01 14:36:07] [INFO] ✅ 可用内存：5828MB
[2026-04-01 14:36:07] [INFO] ✅ 健康检查完成
[2026-04-01 14:41:07] [INFO] ========================================
[2026-04-01 14:41:07] [INFO] 定时健康检查
[2026-04-01 14:41:07] [INFO] ========================================
[2026-04-01 14:41:07] [INFO] ✅ Gateway 运行正常 (PID: 15)
[2026-04-01 14:41:07] [INFO] ✅ 磁盘使用率：23%
[2026-04-01 14:41:07] [INFO] ✅ 可用内存：6015MB
[2026-04-01 14:41:07] [INFO] ✅ 健康检查完成
[2026-04-01 14:46:07] [INFO] ========================================
[2026-04-01 14:46:07] [INFO] 定时健康检查
[2026-04-01 14:46:07] [INFO] ========================================
[2026-04-01 14:46:07] [INFO] ✅ Gateway 运行正常 (PID: 15)
[2026-04-01 14:46:07] [INFO] ✅ 磁盘使用率：23%
[2026-04-01 14:46:07] [INFO] ✅ 可用内存：5989MB
[2026-04-01 14:46:07] [INFO] ✅ 健康检查完成
[2026-04-01 14:51:07] [INFO] ========================================
[2026-04-01 14:51:07] [INFO] 定时健康检查
[2026-04-01 14:51:07] [INFO] ========================================
[2026-04-01 14:51:07] [INFO] ✅ Gateway 运行正常 (PID: 15)
[2026-04-01 14:51:07] [INFO] ✅ 磁盘使用率：23%
[2026-04-01 14:51:07] [INFO] ✅ 可用内存：6009MB
[2026-04-01 14:51:07] [INFO] ✅ 健康检查完成
[2026-04-01 14:56:07] [INFO] ========================================
[2026-04-01 14:56:07] [INFO] 定时健康检查
[2026-04-01 14:56:07] [INFO] ========================================
[2026-04-01 14:56:07] [INFO] ✅ Gateway 运行正常 (PID: 15)
[2026-04-01 14:56:07] [INFO] ✅ 磁盘使用率：23%
[2026-04-01 14:56:07] [INFO] ✅ 可用内存：6006MB
[2026-04-01 14:56:07] [INFO] ✅ 健康检查完成
[2026-04-01 15:01:07] [INFO] ========================================
[2026-04-01 15:01:07] [INFO] 定时健康检查
[2026-04-01 15:01:07] [INFO] ========================================
[2026-04-01 15:01:07] [INFO] ✅ Gateway 运行正常 (PID: 15)
[2026-04-01 15:01:07] [INFO] ✅ 磁盘使用率：23%
[2026-04-01 15:01:07] [INFO] ✅ 可用内存：5989MB
[2026-04-01 15:01:07] [INFO] ✅ 健康检查完成
[2026-04-01 15:06:07] [INFO] ========================================
[2026-04-01 15:06:07] [INFO] 定时健康检查
[2026-04-01 15:06:07] [INFO] ========================================
[2026-04-01 15:06:07] [INFO] ✅ Gateway 运行正常 (PID: 15)
[2026-04-01 15:06:07] [INFO] ✅ 磁盘使用率：23%
[2026-04-01 15:06:07] [INFO] ✅ 可用内存：5965MB
[2026-04-01 15:06:07] [INFO] ✅ 健康检查完成
[2026-04-01 15:11:07] [INFO] ========================================
[2026-04-01 15:11:07] [INFO] 定时健康检查
[2026-04-01 15:11:07] [INFO] ========================================
[2026-04-01 15:11:07] [INFO] ✅ Gateway 运行正常 (PID: 15)
[2026-04-01 15:11:07] [INFO] ✅ 磁盘使用率：23%
[2026-04-01 15:11:07] [INFO] ✅ 可用内存：5951MB
[2026-04-01 15:11:07] [INFO] ✅ 健康检查完成
[2026-04-01 15:16:07] [INFO] ========================================
[2026-04-01 15:16:07] [INFO] 定时健康检查
[2026-04-01 15:16:07] [INFO] ========================================
[2026-04-01 15:16:07] [INFO] ✅ Gateway 运行正常 (PID: 15)
[2026-04-01 15:16:07] [INFO] ✅ 磁盘使用率：23%
[2026-04-01 15:16:07] [INFO] ✅ 可用内存：5928MB
[2026-04-01 15:16:07] [INFO] ✅ 健康检查完成
[2026-04-01 15:21:07] [INFO] ========================================
[2026-04-01 15:21:07] [INFO] 定时健康检查
[2026-04-01 15:21:07] [INFO] ========================================
[2026-04-01 15:21:07] [INFO] ✅ Gateway 运行正常 (PID: 15)
[2026-04-01 15:21:07] [INFO] ✅ 磁盘使用率：23%
[2026-04-01 15:21:07] [INFO] ✅ 可用内存：5946MB
[2026-04-01 15:21:07] [INFO] ✅ 健康检查完成
[2026-04-01 15:26:08] [INFO] ========================================
[2026-04-01 15:26:08] [INFO] 定时健康检查
[2026-04-01 15:26:08] [INFO] ========================================
[2026-04-01 15:26:08] [INFO] ✅ Gateway 运行正常 (PID: 15)
[2026-04-01 15:26:08] [INFO] ✅ 磁盘使用率：23%
[2026-04-01 15:26:08] [INFO] ✅ 可用内存：5743MB
[2026-04-01 15:26:08] [INFO] ✅ 健康检查完成
[2026-04-01 15:31:08] [INFO] ========================================
[2026-04-01 15:31:08] [INFO] 定时健康检查
[2026-04-01 15:31:08] [INFO] ========================================
[2026-04-01 15:31:08] [INFO] ✅ Gateway 运行正常 (PID: 15)
[2026-04-01 15:31:08] [INFO] ✅ 磁盘使用率：23%
[2026-04-01 15:31:08] [INFO] ✅ 可用内存：5979MB
[2026-04-01 15:31:08] [INFO] ✅ 健康检查完成
[2026-04-01 15:36:08] [INFO] ========================================
[2026-04-01 15:36:08] [INFO] 定时健康检查
[2026-04-01 15:36:08] [INFO] ========================================
[2026-04-01 15:36:08] [INFO] ✅ Gateway 运行正常 (PID: 15)
[2026-04-01 15:36:08] [INFO] ✅ 磁盘使用率：23%
[2026-04-01 15:36:08] [INFO] ✅ 可用内存：5967MB
[2026-04-01 15:36:08] [INFO] ✅ 健康检查完成
[2026-04-01 15:41:08] [INFO] ========================================
[2026-04-01 15:41:08] [INFO] 定时健康检查
[2026-04-01 15:41:08] [INFO] ========================================
[2026-04-01 15:41:08] [INFO] ✅ Gateway 运行正常 (PID: 15)
[2026-04-01 15:41:08] [INFO] ✅ 磁盘使用率：23%
[2026-04-01 15:41:08] [INFO] ✅ 可用内存：5995MB
[2026-04-01 15:41:08] [INFO] ✅ 健康检查完成
[2026-04-01 15:46:08] [INFO] ========================================
[2026-04-01 15:46:08] [INFO] 定时健康检查
[2026-04-01 15:46:08] [INFO] ========================================
[2026-04-01 15:46:08] [INFO] ✅ Gateway 运行正常 (PID: 15)
[2026-04-01 15:46:08] [INFO] ✅ 磁盘使用率：23%
[2026-04-01 15:46:08] [INFO] ✅ 可用内存：5963MB
[2026-04-01 15:46:08] [INFO] ✅ 健康检查完成
[2026-04-01 15:51:08] [INFO] ========================================
[2026-04-01 15:51:08] [INFO] 定时健康检查
[2026-04-01 15:51:08] [INFO] ========================================
[2026-04-01 15:51:08] [INFO] ✅ Gateway 运行正常 (PID: 15)
[2026-04-01 15:51:08] [INFO] ✅ 磁盘使用率：23%
[2026-04-01 15:51:08] [INFO] ✅ 可用内存：5815MB
[2026-04-01 15:51:08] [INFO] ✅ 健康检查完成
[2026-04-01 15:56:08] [INFO] ========================================
[2026-04-01 15:56:08] [INFO] 定时健康检查
[2026-04-01 15:56:08] [INFO] ========================================
[2026-04-01 15:56:08] [INFO] ✅ Gateway 运行正常 (PID: 15)
[2026-04-01 15:56:08] [INFO] ✅ 磁盘使用率：23%
[2026-04-01 15:56:08] [INFO] ✅ 可用内存：5951MB
[2026-04-01 15:56:08] [INFO] ✅ 健康检查完成
[2026-04-01 16:01:08] [INFO] ========================================
[2026-04-01 16:01:08] [INFO] 定时健康检查
[2026-04-01 16:01:08] [INFO] ========================================
[2026-04-01 16:01:08] [INFO] ✅ Gateway 运行正常 (PID: 15)
[2026-04-01 16:01:08] [INFO] ✅ 磁盘使用率：23%
[2026-04-01 16:01:08] [INFO] ✅ 可用内存：5875MB
[2026-04-01 16:01:08] [INFO] ✅ 健康检查完成
