[2026-04-01 08:25:55] \033[0;34m========================================\033[0m
[2026-04-01 08:25:55] \033[0;34m  OpenClaw 启动脚本\033[0m
[2026-04-01 08:25:55] \033[0;34m========================================\033[0m
[2026-04-01 08:25:55] \033[1;33m📋 启动 Gateway...\033[0m
[2026-04-01 08:25:56] \033[1;33m⏳ 等待 Gateway 启动...\033[0m
[2026-04-01 08:26:01] \033[0;32m✅ Gateway 启动成功\033[0m
[2026-04-01 08:26:01] \033[1;33m📋 启动健康检查守护进程...\033[0m
[2026-04-01 08:26:01] \033[0;32m✅ 健康检查守护进程启动 (PID: 554)\033[0m
[2026-04-01 08:26:01] \033[0;34m========================================\033[0m
[2026-04-01 08:26:01] \033[0;32m✅ 启动完成！\033[0m
[2026-04-01 08:26:01] \033[0;34m========================================\033[0m
[2026-04-01 08:26:01] 
[2026-04-01 08:26:01] 📊 服务状态:
[2026-04-01 08:26:01]   - Gateway: 运行中
[2026-04-01 08:26:01]   - 健康检查：运行中 (每 5 分钟检查)
[2026-04-01 08:26:01] 
[2026-04-01 08:26:01] 📁 日志文件:
[2026-04-01 08:26:01]   - Gateway: /home/node/.openclaw/workspace/logs/gateway.log
[2026-04-01 08:26:01]   - 健康检查：/home/node/.openclaw/workspace/logs/cron-healthcheck.log
[2026-04-01 08:26:01] 
[2026-04-01 08:26:01] 🛑 停止服务:
[2026-04-01 08:26:01]   bash /home/node/.openclaw/workspace/scripts/supervisor.sh stop
[2026-04-01 08:26:01]   kill $(cat /tmp/openclaw-healthcheck.pid)
[2026-04-01 08:26:01] 
